// Jest Snapshot v1, https://goo.gl/fbAQLP

exports[`Select base demo works fine 1`] = `
<div>
  <div
    class="t-select-wrap"
    style="width: 200px;"
  >
    <div
      class="t-popup-reference t-select-popup-reference"
    >
      <transition-stub
        appear="true"
        name="t-popup_animation"
      >
        <div
          aria-hidden="true"
          class="t-popup"
          role="tooltip"
          style="display: none;"
        >
          <div
            class="t-popup-content  t-select-dropdown narrow-scrollbar"
          >
            <div>
              <ul
                class="t-select-create-option"
                style="display: none;"
              >
                <li
                  class="t-select-option t-size-m t-select-create-option-special"
                  style="display: none;"
                  title=""
                >
                  <span />
                </li>
              </ul>
              <li
                class="t-select-empty t-size-m"
              >
                暂无数据
              </li>
              <span
                style="display: none;"
              >
                <li
                  class="t-select-option t-is-selected t-size-m"
                  style="display: none;"
                  title="已选择的选项"
                >
                  <span>
                    
      已选择的选项
    
                  </span>
                </li>
                <li
                  class="t-select-option t-size-m"
                  style="display: none;"
                  title="短的选项二"
                >
                  <span>
                    
      短的选项二
    
                  </span>
                </li>
                <li
                  class="t-select-option t-size-m"
                  style="display: none;"
                  title="很长很长很很长很长很长的选项三"
                >
                  <span>
                    
      很长很长很很长很长很长的选项三
    
                  </span>
                </li>
              </span>
            </div>
          </div>
        </div>
      </transition-stub>
      <div
        class="t-select t-size-m"
      >
        <span
          class="t-select-selectedSingle"
          title="1"
        >
          1
        </span>
        <svg
          class="t-select-right-icon t-fake-arrow"
          fill="none"
          height="16"
          viewBox="0 0 16 16"
          width="16"
          xmlns="http://www.w3.org/2000/svg"
        >
          <path
            d="M3.75 5.7998L7.99274 10.0425L12.2361 5.79921"
            stroke="black"
            stroke-opacity="0.9"
            stroke-width="1.3"
          />
        </svg>
      </div>
    </div>
  </div>
</div>
`;
