// Jest Snapshot v1, https://goo.gl/fbAQLP

exports[`Comment base demo works fine 1`] = `
<div
  class="t-comment"
>
  <div
    class="t-comment__inner"
  >
    <div
      class="t-comment__avatar"
    >
      <img
        alt=""
        class="t-comment__avatar-image"
        src="https://tdesign.gtimg.com/list-icon.png"
      />
    </div>
    <div
      class="t-comment__content"
    >
      <div
        class="t-comment__author"
      >
        <span
          class="t-comment__name"
        >
          评论作者名
        </span>
        <span
          class="t-comment__time"
        >
          今天16:38
        </span>
      </div>
      <div
        class="t-comment__detail"
      >
        评论内容评论内容评论内容评论内容评论内容评论内容评论内容评论内容评论内容评论内容评论内容评论内容评论内容评论内容评论内容评论内容评论内容评论内容。
      </div>
    </div>
  </div>
</div>
`;
