// Jest Snapshot v1, https://goo.gl/fbAQLP

exports[`Popconfirm base demo works fine 1`] = `
<div
  class="popconfirm-demo"
>
  <div
    class="tdesign-demo-block"
  >
    <div
      class="demo-item"
    >
      <div>
        <div
          class="t-popup-reference"
          style="position: relative;"
        >
          <transition-stub
            appear="true"
            name="t-popup_animation"
          />
          <button
            class="t-button t-size-m t-button--variant-base t-button--theme-primary"
            type="button"
          >
            <span
              class="t-button__text"
            >
              删除订单
            </span>
          </button>
          <div
            class="resize-sensor"
            dir="ltr"
            style="pointer-events: none; position: absolute; left: 0px; top: 0px; right: 0px; bottom: 0px; overflow: hidden; z-index: -1; visibility: hidden; max-width: 100%;"
          >
            <div
              class="resize-sensor-expand"
              style="pointer-events: none; position: absolute; left: 0px; top: 0px; right: 0px; bottom: 0px; overflow: hidden; z-index: -1; visibility: hidden; max-width: 100%;"
            >
              <div
                style="position: absolute; left: 0px; top: 0px; transition: 0s;"
              />
            </div>
            <div
              class="resize-sensor-shrink"
              style="pointer-events: none; position: absolute; left: 0px; top: 0px; right: 0px; bottom: 0px; overflow: hidden; z-index: -1; visibility: hidden; max-width: 100%;"
            >
              <div
                style="position: absolute; left: 0px; top: 0px; transition: 0s; width: 200%; height: 200%;"
              />
            </div>
          </div>
        </div>
      </div>
    </div>
     
    <div
      class="demo-item"
    >
      <div>
        <div
          class="t-popup-reference"
          style="position: relative;"
        >
          <transition-stub
            appear="true"
            name="t-popup_animation"
          />
          <button
            class="t-button t-size-m t-button--variant-base t-button--theme-primary"
            type="button"
          >
            <span
              class="t-button__text"
            >
              点我看按钮
            </span>
          </button>
          <div
            class="resize-sensor"
            dir="ltr"
            style="pointer-events: none; position: absolute; left: 0px; top: 0px; right: 0px; bottom: 0px; overflow: hidden; z-index: -1; visibility: hidden; max-width: 100%;"
          >
            <div
              class="resize-sensor-expand"
              style="pointer-events: none; position: absolute; left: 0px; top: 0px; right: 0px; bottom: 0px; overflow: hidden; z-index: -1; visibility: hidden; max-width: 100%;"
            >
              <div
                style="position: absolute; left: 0px; top: 0px; transition: 0s;"
              />
            </div>
            <div
              class="resize-sensor-shrink"
              style="pointer-events: none; position: absolute; left: 0px; top: 0px; right: 0px; bottom: 0px; overflow: hidden; z-index: -1; visibility: hidden; max-width: 100%;"
            >
              <div
                style="position: absolute; left: 0px; top: 0px; transition: 0s; width: 200%; height: 200%;"
              />
            </div>
          </div>
        </div>
      </div>
    </div>
     
    <div
      class="demo-item"
    >
      <div>
        <div
          class="t-popup-reference"
          style="position: relative;"
        >
          <transition-stub
            appear="true"
            name="t-popup_animation"
          />
          <button
            class="t-button t-size-m t-button--variant-base t-button--theme-primary"
            type="button"
          >
            <span
              class="t-button__text"
            >
              提交审核
            </span>
          </button>
          <div
            class="resize-sensor"
            dir="ltr"
            style="pointer-events: none; position: absolute; left: 0px; top: 0px; right: 0px; bottom: 0px; overflow: hidden; z-index: -1; visibility: hidden; max-width: 100%;"
          >
            <div
              class="resize-sensor-expand"
              style="pointer-events: none; position: absolute; left: 0px; top: 0px; right: 0px; bottom: 0px; overflow: hidden; z-index: -1; visibility: hidden; max-width: 100%;"
            >
              <div
                style="position: absolute; left: 0px; top: 0px; transition: 0s;"
              />
            </div>
            <div
              class="resize-sensor-shrink"
              style="pointer-events: none; position: absolute; left: 0px; top: 0px; right: 0px; bottom: 0px; overflow: hidden; z-index: -1; visibility: hidden; max-width: 100%;"
            >
              <div
                style="position: absolute; left: 0px; top: 0px; transition: 0s; width: 200%; height: 200%;"
              />
            </div>
          </div>
        </div>
      </div>
    </div>
     
    <div
      class="demo-item"
    >
      <div>
        <div
          class="t-popup-reference"
          style="position: relative;"
        >
          <transition-stub
            appear="true"
            name="t-popup_animation"
          />
          <button
            class="t-button t-size-m t-button--variant-base t-button--theme-primary t-is-disabled"
            disabled="disabled"
            type="button"
          >
            <span
              class="t-button__text"
            >
              禁用按钮
            </span>
          </button>
          <div
            class="resize-sensor"
            dir="ltr"
            style="pointer-events: none; position: absolute; left: 0px; top: 0px; right: 0px; bottom: 0px; overflow: hidden; z-index: -1; visibility: hidden; max-width: 100%;"
          >
            <div
              class="resize-sensor-expand"
              style="pointer-events: none; position: absolute; left: 0px; top: 0px; right: 0px; bottom: 0px; overflow: hidden; z-index: -1; visibility: hidden; max-width: 100%;"
            >
              <div
                style="position: absolute; left: 0px; top: 0px; transition: 0s;"
              />
            </div>
            <div
              class="resize-sensor-shrink"
              style="pointer-events: none; position: absolute; left: 0px; top: 0px; right: 0px; bottom: 0px; overflow: hidden; z-index: -1; visibility: hidden; max-width: 100%;"
            >
              <div
                style="position: absolute; left: 0px; top: 0px; transition: 0s; width: 200%; height: 200%;"
              />
            </div>
          </div>
        </div>
      </div>
    </div>
  </div>
</div>
`;
