// Jest Snapshot v1, https://goo.gl/fbAQLP

exports[`Cascader base demo works fine 1`] = `
<div>
  <div
    class="t-demo-cascader"
  >
    <div
      class="t-popup-reference"
    >
      <transition-stub
        appear="true"
        name="t-popup_animation"
      >
        <div
          aria-hidden="true"
          class="t-popup"
          role="tooltip"
          style="display: none;"
        >
          <div
            class="t-popup-content t-cascader-dropdown"
          >
            <div>
              <div
                class="t-cascader-panel t-cascader--normal"
              >
                <ul
                  class="t-cascader-menu t-cascader-menu__seperator"
                >
                  <li
                    class="t-cascader-item t-is-expanded t-size-s"
                  >
                    <span
                      class="t-cascader-item__label"
                      role="label"
                    >
                      上海
                    </span>
                    <svg
                      class="t-icon t-icon-chevron-right t-cascader-icon t-is-expanded"
                    >
                      <use
                        xlink:href="#t-icon-chevron-right"
                      />
                    </svg>
                  </li>
                  <li
                    class="t-cascader-item t-size-s"
                  >
                    <span
                      class="t-cascader-item__label"
                      role="label"
                    >
                      深圳
                    </span>
                    <svg
                      class="t-icon t-icon-chevron-right t-cascader-icon"
                    >
                      <use
                        xlink:href="#t-icon-chevron-right"
                      />
                    </svg>
                  </li>
                </ul>
                <ul
                  class="t-cascader-menu"
                >
                  <li
                    class="t-cascader-item t-is-selected t-is-expanded t-size-s"
                  >
                    <span
                      class="t-cascader-item__label"
                      role="label"
                    >
                      黄浦区
                    </span>
                  </li>
                  <li
                    class="t-cascader-item t-size-s"
                  >
                    <span
                      class="t-cascader-item__label"
                      role="label"
                    >
                      静安区
                    </span>
                  </li>
                  <li
                    class="t-cascader-item t-size-s"
                  >
                    <span
                      class="t-cascader-item__label"
                      role="label"
                    >
                      浦东新区
                    </span>
                  </li>
                </ul>
              </div>
            </div>
          </div>
        </div>
      </transition-stub>
      <div
        class="t-cascader t-size-s"
      >
        <span
          class="t-cascader_content"
          title="1.1"
        >
          1.1
        </span>
        <svg
          class="t-icon t-icon-chevron-down t-size-s t-cascader-icon"
          version="1.1"
          viewBox="0 0 1024 1024"
          xmlns="http://www.w3.org/2000/svg"
        >
          <path
            clip-rule="evenodd"
            d="M226.57792 413.41696L285.40928 354.58624 511.9936 581.17056 738.5792 354.58624 797.408 413.41696 511.9936 698.8352 226.57792 413.41696Z"
            fill-opacity=".9"
            fill-rule="evenodd"
          />
        </svg>
      </div>
    </div>
  </div>
   
  <div
    class="t-demo-cascader"
  >
    <div
      class="t-popup-reference"
    >
      <transition-stub
        appear="true"
        name="t-popup_animation"
      >
        <div
          aria-hidden="true"
          class="t-popup"
          role="tooltip"
          style="display: none;"
        >
          <div
            class="t-popup-content t-cascader-dropdown"
          >
            <div>
              <div
                class="t-cascader-panel t-cascader--normal"
              >
                <ul
                  class="t-cascader-menu t-cascader-menu__seperator"
                >
                  <li
                    class="t-cascader-item t-is-expanded t-size-m"
                  >
                    <span
                      class="t-cascader-item__label"
                      role="label"
                    >
                      上海
                    </span>
                    <svg
                      class="t-icon t-icon-chevron-right t-cascader-icon t-is-expanded"
                    >
                      <use
                        xlink:href="#t-icon-chevron-right"
                      />
                    </svg>
                  </li>
                  <li
                    class="t-cascader-item t-size-m"
                  >
                    <span
                      class="t-cascader-item__label"
                      role="label"
                    >
                      深圳
                    </span>
                    <svg
                      class="t-icon t-icon-chevron-right t-cascader-icon"
                    >
                      <use
                        xlink:href="#t-icon-chevron-right"
                      />
                    </svg>
                  </li>
                </ul>
                <ul
                  class="t-cascader-menu"
                >
                  <li
                    class="t-cascader-item t-is-selected t-is-expanded t-size-m"
                  >
                    <span
                      class="t-cascader-item__label"
                      role="label"
                    >
                      黄浦区
                    </span>
                  </li>
                  <li
                    class="t-cascader-item t-size-m"
                  >
                    <span
                      class="t-cascader-item__label"
                      role="label"
                    >
                      静安区
                    </span>
                  </li>
                  <li
                    class="t-cascader-item t-size-m"
                  >
                    <span
                      class="t-cascader-item__label"
                      role="label"
                    >
                      浦东新区
                    </span>
                  </li>
                </ul>
              </div>
            </div>
          </div>
        </div>
      </transition-stub>
      <div
        class="t-cascader t-size-m"
      >
        <span
          class="t-cascader_content"
          title="1.1"
        >
          1.1
        </span>
        <svg
          class="t-icon t-icon-chevron-down t-size-m t-cascader-icon"
          version="1.1"
          viewBox="0 0 1024 1024"
          xmlns="http://www.w3.org/2000/svg"
        >
          <path
            clip-rule="evenodd"
            d="M226.57792 413.41696L285.40928 354.58624 511.9936 581.17056 738.5792 354.58624 797.408 413.41696 511.9936 698.8352 226.57792 413.41696Z"
            fill-opacity=".9"
            fill-rule="evenodd"
          />
        </svg>
      </div>
    </div>
  </div>
   
  <div
    class="t-demo-cascader"
  >
    <div
      class="t-popup-reference"
    >
      <transition-stub
        appear="true"
        name="t-popup_animation"
      >
        <div
          aria-hidden="true"
          class="t-popup"
          role="tooltip"
          style="display: none;"
        >
          <div
            class="t-popup-content t-cascader-dropdown"
          >
            <div>
              <div
                class="t-cascader-panel t-cascader--normal"
              >
                <ul
                  class="t-cascader-menu t-cascader-menu__seperator"
                >
                  <li
                    class="t-cascader-item t-is-expanded t-size-l"
                  >
                    <span
                      class="t-cascader-item__label"
                      role="label"
                    >
                      上海
                    </span>
                    <svg
                      class="t-icon t-icon-chevron-right t-cascader-icon t-is-expanded"
                    >
                      <use
                        xlink:href="#t-icon-chevron-right"
                      />
                    </svg>
                  </li>
                  <li
                    class="t-cascader-item t-size-l"
                  >
                    <span
                      class="t-cascader-item__label"
                      role="label"
                    >
                      深圳
                    </span>
                    <svg
                      class="t-icon t-icon-chevron-right t-cascader-icon"
                    >
                      <use
                        xlink:href="#t-icon-chevron-right"
                      />
                    </svg>
                  </li>
                </ul>
                <ul
                  class="t-cascader-menu"
                >
                  <li
                    class="t-cascader-item t-is-selected t-is-expanded t-size-l"
                  >
                    <span
                      class="t-cascader-item__label"
                      role="label"
                    >
                      黄浦区
                    </span>
                  </li>
                  <li
                    class="t-cascader-item t-size-l"
                  >
                    <span
                      class="t-cascader-item__label"
                      role="label"
                    >
                      静安区
                    </span>
                  </li>
                  <li
                    class="t-cascader-item t-size-l"
                  >
                    <span
                      class="t-cascader-item__label"
                      role="label"
                    >
                      浦东新区
                    </span>
                  </li>
                </ul>
              </div>
            </div>
          </div>
        </div>
      </transition-stub>
      <div
        class="t-cascader t-size-l"
      >
        <span
          class="t-cascader_content"
          title="1.1"
        >
          1.1
        </span>
        <svg
          class="t-icon t-icon-chevron-down t-size-l t-cascader-icon"
          version="1.1"
          viewBox="0 0 1024 1024"
          xmlns="http://www.w3.org/2000/svg"
        >
          <path
            clip-rule="evenodd"
            d="M226.57792 413.41696L285.40928 354.58624 511.9936 581.17056 738.5792 354.58624 797.408 413.41696 511.9936 698.8352 226.57792 413.41696Z"
            fill-opacity=".9"
            fill-rule="evenodd"
          />
        </svg>
      </div>
    </div>
  </div>
</div>
`;
